####### 2022-03-07 00:21:55 #######
$ echo $PWD
/var/www/html
$ whoami
www-data
$ git pull
error: cannot open .git/FETCH_HEAD: Permission denied
$ git status
On branch main
Your branch is up-to-date with 'origin/main'.
nothing to commit, working directory clean
$ git submodule sync

$ git submodule update

$ git submodule status

$ test -e /usr/share/update-notifier/notify-reboot-required && echo "system restart required"
system restart required

####### 2022-03-07 14:54:19 #######
$ echo $PWD
/var/www/html
$ whoami
www-data
$ git pull
error: cannot open .git/FETCH_HEAD: Permission denied
$ git status
On branch main
Your branch is up-to-date with 'origin/main'.
Untracked files:
  (use "git add <file>..." to include in what will be committed)

	deploy-log.txt

nothing added to commit but untracked files present (use "git add" to track)
$ git submodule sync

$ git submodule update

$ git submodule status

$ test -e /usr/share/update-notifier/notify-reboot-required && echo "system restart required"
system restart required

